// Jest Snapshot v1, https://goo.gl/fbAQLP

exports[`stack synthesis merges all elements into a single output 1`] = `
Object {
  "module": Object {
    "MyStackEksModule1F7A8254": Object {
      "cluster_name": "my_cluster_name",
      "source": "terraform-aws-modules/eks/aws",
      "version": "7.0.1",
    },
  },
  "resource": Object {
    "aws_bucket": Object {
      "MyStackResource11D44B20C": Object {
        "foo": "MyStackResource11D44B20C",
        "prop1": "bar1",
        "prop2": 1234,
      },
    },
    "aws_topic": Object {
      "MyStackResource2C790E556": Object {
        "foo": "MyStackResource2C790E556",
        "prop1": "bar1",
        "prop2": 1234,
      },
    },
  },
}
`;
