{
  "//": {
    "metadata": {
      "version": "stubbed",
      "stackName": "python-simple"
    }
  },
  "terraform": {
    "required_providers": {
      "aws": {
        "version": "~> 2.0",
        "source": "aws"
      }
    },
    "backend": {
      "remote": {
        "organization": "test",
        "workspaces": {
          "name": "test"
        }
      }
    }
  },
  "provider": {
    "aws": [
      {
        "region": "eu-central-1"
      }
    ]
  },
  "module": {
    "pythonsimple_CustomVpc_D3E4490A": {
      "name": "custom-vpc",
      "source": "terraform-aws-modules/vpc/aws",
      "version": "2.39.0",
      "//": {
        "metadata": {
          "path": "python-simple/CustomVpc",
          "uniqueId": "pythonsimple_CustomVpc_D3E4490A"
        }
      }
    }
  },
  "resource": {
    "aws_sns_topic": {
      "pythonsimple_Topic_451716E7": {
        "display_name": "my-first-sns-topic",
        "//": {
          "metadata": {
            "path": "python-simple/Topic",
            "uniqueId": "pythonsimple_Topic_451716E7"
          }
        }
      }
    }
  }
}