// Jest Snapshot v1, https://goo.gl/fbAQLP

exports[`full integration test build providers 1`] = `
"Deploying Stack: using-all-providers
Resources
 ✔ NULL_RESOURCE       test                null_resource.test


Summary: 1 created, 0 updated, 0 destroyed.
"
`;
