// Jest Snapshot v1, https://goo.gl/fbAQLP

exports[`csharp full integration test synth synth generates JSON 1`] = `
"{
  \\"//\\": {
    \\"metadata\\": {
      \\"version\\": \\"stubbed\\",
      \\"stackName\\": \\"csharp-simple\\",
      \\"backend\\": \\"local\\"
    }
  },
  \\"terraform\\": {
    \\"required_providers\\": {
      \\"null\\": {
        \\"version\\": \\"~> 3.1.0\\",
        \\"source\\": \\"hashicorp/null\\"
      }
    }
  },
  \\"provider\\": {
    \\"null\\": [
      {}
    ]
  },
  \\"resource\\": {
    \\"null_resource\\": {
      \\"null\\": {
        \\"//\\": {
          \\"metadata\\": {
            \\"path\\": \\"csharp-simple/null\\",
            \\"uniqueId\\": \\"null\\"
          }
        }
      }
    }
  }
}"
`;
