// Jest Snapshot v1, https://goo.gl/fbAQLP

exports[`externals handle simple external data snapshot typescript 1`] = `
"import { Construct } from "constructs";
import {
  VariableType,
  TerraformVariable,
  TerraformOutput,
  Fn,
  TerraformStack,
} from "cdktf";
/*
 * Provider bindings are generated by running \`cdktf get\`.
 * See https://cdk.tf/provider-generation for more details.
 */
import { DataExternal } from "./.gen/providers/external/data-external";
import { ExternalProvider } from "./.gen/providers/external/provider";
class MyConvertedCode extends TerraformStack {
  constructor(scope: Construct, name: string) {
    super(scope, name);
    /*Terraform Variables are not always the best fit for getting inputs in the context of Terraform CDK.
    You can read more about this at https://cdk.tf/variables*/
    new ExternalProvider(this, "external", {});
    const fargateRegion = new TerraformVariable(this, "fargate_region", {
      default: "us-east-1",
      type: VariableType.STRING,
    });
    const dataExternalThumbprint = new DataExternal(this, "thumbprint", {
      program: ["\${path.module}/oidc_thumbprint.sh", fargateRegion.value],
    });
    new TerraformOutput(this, "foo", {
      value: Fn.lookupNested(dataExternalThumbprint, ["result", "thumbprint"]),
    });
  }
}
"
`;
