// Jest Snapshot v1, https://goo.gl/fbAQLP

exports[`locals locals snapshot typescript 1`] = `
"import { Construct } from "constructs";
import { TerraformOutput, TerraformStack } from "cdktf";
class MyConvertedCode extends TerraformStack {
  constructor(scope: Construct, name: string) {
    super(scope, name);
    const howMany = 42;
    const isItGreat = true;
    const owner = "Community Team";
    const serviceName = "forum";
    new TerraformOutput(this, "combined-so-it-does-not-get-removed", {
      value:
        "\${" +
        serviceName +
        "},\${" +
        owner +
        "},\${" +
        isItGreat +
        "},\${" +
        howMany +
        "}",
    });
  }
}
"
`;

exports[`locals multiple locals blocks snapshot typescript 1`] = `
"import { Construct } from "constructs";
import { TerraformOutput, TerraformStack } from "cdktf";
class MyConvertedCode extends TerraformStack {
  constructor(scope: Construct, name: string) {
    super(scope, name);
    const owner = "Community Team";
    const serviceName = "forum";
    const howMany = 42;
    const isItGreat = true;
    new TerraformOutput(this, "combined-so-it-does-not-get-removed", {
      value:
        "\${" +
        serviceName +
        "},\${" +
        owner +
        "},\${" +
        isItGreat +
        "},\${" +
        howMany +
        "}",
    });
  }
}
"
`;
