// Jest Snapshot v1, https://goo.gl/fbAQLP

exports[`Edge Provider Schema compiles to Typescript: index.ts 1`] = `
"// generated by cdktf get
export * as requiredAttributeResource from './required-attribute-resource';
export * as optionalAttributeResource from './optional-attribute-resource';
export * as optionalComputedAttributeResource from './optional-computed-attribute-resource';
export * as listBlockResource from './list-block-resource';
export * as mapResource from './map-resource';
export * as setBlockResource from './set-block-resource';
export * as mapListResource from './map-list-resource';
export * as provider from './provider';

"
`;

exports[`Edge Provider Schema compiles to Typescript: lazy-index.ts 1`] = `
"// generated by cdktf get
Object.defineProperty(exports, 'requiredAttributeResource', { get: function () { return require('./required-attribute-resource'); } });
Object.defineProperty(exports, 'optionalAttributeResource', { get: function () { return require('./optional-attribute-resource'); } });
Object.defineProperty(exports, 'optionalComputedAttributeResource', { get: function () { return require('./optional-computed-attribute-resource'); } });
Object.defineProperty(exports, 'listBlockResource', { get: function () { return require('./list-block-resource'); } });
Object.defineProperty(exports, 'mapResource', { get: function () { return require('./map-resource'); } });
Object.defineProperty(exports, 'setBlockResource', { get: function () { return require('./set-block-resource'); } });
Object.defineProperty(exports, 'mapListResource', { get: function () { return require('./map-list-resource'); } });
Object.defineProperty(exports, 'provider', { get: function () { return require('./provider'); } });

"
`;
