// Jest Snapshot v1, https://goo.gl/fbAQLP

exports[`full integration test deploy in Terraform Cloud 1`] = `
"Deploying Stack: hello-terra
Resources
 ✔ NULL_RESOURCE       test                null_resource.test


Summary: 1 created, 0 updated, 0 destroyed.

Output: isAssetPresent = yes
        output = constant value
"
`;
