{
  "//": {
    "metadata": {
      "version": "stubbed",
      "stackName": "helloterra"
    }
  },
  "terraform": {
    "required_providers": {
      "aws": "~> 2.0"
    },
    "backend": {
      "remote": {
        "organization": "test",
        "workspaces": {
          "name": "test"
        }
      }
    }
  },
  "provider": {
    "aws": [
      {
        "region": "eu-central-1",
        "ignore_tags": [
          {
            "keys": [
              "foo"
            ]
          }
        ]
      }
    ]
  },
  "resource": {
    "aws_sns_topic": {
      "helloterra_Topic_6609C1D4": {
        "display_name": "topic",
        "provider": "aws",
        "lifecycle": {
          "create_before_destroy": true
        },
        "//": {
          "metadata": {
            "path": "hello-terra/Topic",
            "uniqueId": "helloterra_Topic_6609C1D4"
          }
        }
      }
    }
  },
  "output": {
    "helloterra_snstopicarn_5A23CA34": {
      "value": "${aws_sns_topic.helloterra_Topic_6609C1D4.arn}"
    }
  }
}