// Jest Snapshot v1, https://goo.gl/fbAQLP

exports[`python terraform functions test synth synth generates JSON 1`] = `
"{
  \\"//\\": {
    \\"metadata\\": {
      \\"version\\": \\"stubbed\\",
      \\"stackName\\": \\"python-simple\\",
      \\"backend\\": \\"local\\",
      \\"overrides\\": {
        \\"stack\\": [
          \\"terraform\\"
        ],
        \\"null_resource\\": [
          \\"triggers\\"
        ]
      }
    }
  },
  \\"terraform\\": {
    \\"required_providers\\": {
      \\"null\\": {
        \\"version\\": \\"~> 3.1.0\\",
        \\"source\\": \\"hashicorp/null\\"
      }
    },
    \\"backend\\": {
      \\"remote\\": {
        \\"organization\\": \\"test\\",
        \\"workspaces\\": {
          \\"name\\": \\"test\\"
        }
      }
    }
  },
  \\"provider\\": {
    \\"null\\": [
      {}
    ]
  },
  \\"resource\\": {
    \\"null_resource\\": {
      \\"nullresource\\": {
        \\"triggers\\": {
          \\"cluster_instance_ids\\": \\"foo\\"
        },
        \\"//\\": {
          \\"metadata\\": {
            \\"path\\": \\"python-simple/null-resource\\",
            \\"uniqueId\\": \\"nullresource\\"
          }
        }
      }
    }
  },
  \\"output\\": {
    \\"computed\\": {
      \\"value\\": \\"\${element(merge({id = null_resource.nullresource.id}, {value = \\\\\\"123\\\\\\"}), 1)}\\"
    }
  }
}"
`;
